// Jest Snapshot v1, https://goo.gl/fbAQLP

exports[`<Footer /> renders the <Footer /> with populated data 1`] = `
<div
  class="footer__Container-sc-1q2q6wy-0 hEWsbg"
>
  <p
    class="footer__Title-sc-1q2q6wy-3 flEDFp"
  >
    Questions? Contact us.
  </p>
  <p
    class="footer__Break-sc-1q2q6wy-6 gOvHeJ"
  />
  <div
    class="footer__Row-sc-1q2q6wy-2 iAvWrO"
  >
    <div
      class="footer__Column-sc-1q2q6wy-1 foJuvb"
    >
      <a
        class="footer__Link-sc-1q2q6wy-5 iqnUNK"
        href="#"
      >
        FAQ
      </a>
      <a
        class="footer__Link-sc-1q2q6wy-5 iqnUNK"
        href="#"
      >
        Investor Relations
      </a>
      <a
        class="footer__Link-sc-1q2q6wy-5 iqnUNK"
        href="#"
      >
        Ways to Watch
      </a>
      <a
        class="footer__Link-sc-1q2q6wy-5 iqnUNK"
        href="#"
      >
        Corporate Information
      </a>
      <a
        class="footer__Link-sc-1q2q6wy-5 iqnUNK"
        href="#"
      >
        Netflix Originals
      </a>
    </div>
    <div
      class="footer__Column-sc-1q2q6wy-1 foJuvb"
    >
      <a
        class="footer__Link-sc-1q2q6wy-5 iqnUNK"
        href="#"
      >
        Help Centre
      </a>
      <a
        class="footer__Link-sc-1q2q6wy-5 iqnUNK"
        href="#"
      >
        Jobs
      </a>
      <a
        class="footer__Link-sc-1q2q6wy-5 iqnUNK"
        href="#"
      >
        Terms of Use
      </a>
      <a
        class="footer__Link-sc-1q2q6wy-5 iqnUNK"
        href="#"
      >
        Contact Us
      </a>
    </div>
    <div
      class="footer__Column-sc-1q2q6wy-1 foJuvb"
    >
      <a
        class="footer__Link-sc-1q2q6wy-5 iqnUNK"
        href="#"
      >
        Account
      </a>
      <a
        class="footer__Link-sc-1q2q6wy-5 iqnUNK"
        href="#"
      >
        Redeem gift cards
      </a>
      <a
        class="footer__Link-sc-1q2q6wy-5 iqnUNK"
        href="#"
      >
        Privacy
      </a>
      <a
        class="footer__Link-sc-1q2q6wy-5 iqnUNK"
        href="#"
      >
        Speed Test
      </a>
    </div>
    <div
      class="footer__Column-sc-1q2q6wy-1 foJuvb"
    >
      <a
        class="footer__Link-sc-1q2q6wy-5 iqnUNK"
        href="#"
      >
        Media Centre
      </a>
      <a
        class="footer__Link-sc-1q2q6wy-5 iqnUNK"
        href="#"
      >
        Buy gift cards
      </a>
      <a
        class="footer__Link-sc-1q2q6wy-5 iqnUNK"
        href="#"
      >
        Cookie Preferences
      </a>
      <a
        class="footer__Link-sc-1q2q6wy-5 iqnUNK"
        href="#"
      >
        Legal Notices
      </a>
    </div>
  </div>
  <p
    class="footer__Break-sc-1q2q6wy-6 gOvHeJ"
  />
  <p
    class="footer__Text-sc-1q2q6wy-4 eCEdJi"
  >
    Netflix United Kingdom
  </p>
</div>
`;
